Microchip MPLAB XC8 Compiler V2.40

Linker command line:

-W-3 \
  --edf=C:\Program Files\Microchip\xc8\v2.40\pic\dat\20220703182018_en.msgs \
  -cn -h+dist/default/production\SPI-SLAVE2.X.production.sym \
  --cmf=dist/default/production\SPI-SLAVE2.X.production.cmf -z -Q16F887 \
  -oC:\Users\gaban\AppData\Local\Temp\xcAsmkc.4 --defsym=__MPLAB_BUILD=1 \
  --fixupoverflow=error \
  -Mdist/default/production/SPI-SLAVE2.X.production.map \
  --md=C:\Users\gaban\AppData\Local\Temp\xcAsmkc.dat -E1 -ver=XC8 Compiler \
  --acfsm=1493 -ACODE=00h-07FFhx4 -ASTRCODE=00h-01FFFh -ASTRING=00h-0FFhx32 \
  -ACONST=00h-0FFhx32 -AENTRY=00h-0FFhx32 -ACOMMON=070h-07Fh \
  -ABANK0=020h-06Fh -ABANK1=0A0h-0EFh -ABANK2=0110h-016Fh \
  -ABANK3=0190h-01EFh -ARAM=020h-06Fh,0A0h-0EFh,0110h-016Fh,0190h-01EFh \
  -AABS1=020h-07Fh,0A0h-0EFh,0110h-016Fh,0190h-01EFh -ASFR0=00h-01Fh \
  -ASFR1=080h-09Fh -ASFR2=0100h-010Fh -ASFR3=0180h-018Fh \
  -ACONFIG=02007h-02008h -DCONFIG=2 -AIDLOC=02000h-02003h -DIDLOC=2 \
  -AEEDATA=00h-0FFh/02100h -peeprom_data=EEDATA -DEEDATA=2 -DCODE=2 \
  -DSTRCODE=2 -DSTRING=2 -DCONST=2 -DENTRY=2 \
  -preset_vec=00h,intentry,init,end_init -ppowerup=CODE -pcinit=CODE \
  -pfunctab=ENTRY -k C:\Users\gaban\AppData\Local\Temp\xcAsmkc.o \
  dist/default/production\SPI-SLAVE2.X.production.o 

Object code version is 3.11

Machine type is 16F887



                Name                               Link     Load   Length Selector   Space Scale
C:\Users\gaban\AppData\Local\Temp\xcAsmkc.o
                end_init                              0        0        3        0       0
                config                             2007     2007        2        0       4
                idloc                              2000     2000        4        0       5
dist/default/production\SPI-SLAVE2.X.production.o
                cinit                               7F3      7F3        D      FE6       0
                config                             2007     2007        2        0       4
                idloc                              2000     2000        4        0       5
                text14                              52A      52A       22      A54       0
                text13                              4CF      4CF       1A      99E       0
                text12                              643      643       5D      C86       0
                text11                              5FD      5FD       46      BFA       0
                text10                              54C      54C       33      A98       0
                text9                               509      509       21      A12       0
                text8                               4B9      4B9       16      972       0
                text7                               4E9      4E9       20      9D2       0
                text6                               4A1      4A1        7      942       0
                text5                               4B0      4B0        9      960       0
                text4                               49B      49B        6      936       0
                text3                               5B9      5B9       44      B72       0
                text2                               57F      57F       3A      AFE       0
                text1                               732      732       C1      E64       0
                maintext                            6A0      6A0       92      D40       0
                cstackBANK0                          36       36        F       20       1
                cstackCOMMON                         70       70        E       70       1
                clrtext                             4A8      4A8        8      950       0
                bssBANK0                             20       20       16       20       1
                strings                               3        3       32        6       0

TOTAL           Name                               Link     Load   Length     Space
        CLASS   CODE           
                end_init                              0        0        3         0
                cinit                               7F3      7F3        D         0
                text14                              52A      52A       22         0
                text13                              4CF      4CF       1A         0
                text12                              643      643       5D         0
                text11                              5FD      5FD       46         0
                text10                              54C      54C       33         0
                text9                               509      509       21         0
                text8                               4B9      4B9       16         0
                text7                               4E9      4E9       20         0
                text6                               4A1      4A1        7         0
                text5                               4B0      4B0        9         0
                text4                               49B      49B        6         0
                text3                               5B9      5B9       44         0
                text2                               57F      57F       3A         0
                text1                               732      732       C1         0
                maintext                            6A0      6A0       92         0
                clrtext                             4A8      4A8        8         0

        CLASS   STRCODE        

        CLASS   STRING         
                strings                               3        3       32         0

        CLASS   CONST          

        CLASS   ENTRY          

        CLASS   COMMON         
                cstackCOMMON                         70       70        E         1

        CLASS   BANK0          
                cstackBANK0                          36       36        F         1
                bssBANK0                             20       20       16         1

        CLASS   BANK1          

        CLASS   BANK2          

        CLASS   BANK3          

        CLASS   RAM            

        CLASS   ABS1           
                abs_s1                               7E       7E        2         1

        CLASS   SFR0           

        CLASS   SFR1           

        CLASS   SFR2           

        CLASS   SFR3           

        CLASS   CONFIG         
                config                             2007     2007        2         4

        CLASS   IDLOC          
                idloc                              2000     2000        4         5

        CLASS   EEDATA         

        CLASS   STACK          



SEGMENTS        Name                           Load    Length   Top    Selector   Space  Class     Delta

                reset_vec                      000000  000003  000003         0       0  CODE        2
                strings                        000003  000032  000035         6       0  STRING      2
                bssBANK0                       000020  000025  000045        20       1  BANK0       1
                cstackCOMMON                   000070  00000E  00007E        70       1  COMMON      1
                text4                          00049B  000006  0004A1       936       0  CODE        2
                text6                          0004A1  000007  0004A8       942       0  CODE        2
                clrtext                        0004A8  000008  0004B0       950       0  CODE        2
                text5                          0004B0  000009  0004B9       960       0  CODE        2
                text8                          0004B9  000016  0004CF       972       0  CODE        2
                text13                         0004CF  00001A  0004E9       99E       0  CODE        2
                text7                          0004E9  000020  000509       9D2       0  CODE        2
                text9                          000509  000021  00052A       A12       0  CODE        2
                text14                         00052A  000022  00054C       A54       0  CODE        2
                text10                         00054C  000033  00057F       A98       0  CODE        2
                text2                          00057F  00003A  0005B9       AFE       0  CODE        2
                text3                          0005B9  000044  0005FD       B72       0  CODE        2
                text11                         0005FD  000046  000643       BFA       0  CODE        2
                text12                         000643  00005D  0006A0       C86       0  CODE        2
                maintext                       0006A0  000092  000732       D40       0  CODE        2
                text1                          000732  0000C1  0007F3       E64       0  CODE        2
                cinit                          0007F3  00000D  000800       FE6       0  CODE        2


UNUSED ADDRESS RANGES

        Name                Unused          Largest block    Delta
        BANK0            0045-006F             2B           1
        BANK1            00A0-00EF             50           1
        BANK2            0110-016F             60           1
        BANK3            0190-01EF             60           1
        CODE             0035-049A            466           2
                         0800-1FFF            800
        CONST            0035-049A            100           2
                         0800-1FFF            100
        EEDATA           2100-21FF            100           2
        ENTRY            0035-049A            100           2
                         0800-1FFF            100
        RAM              0045-006F             2B           1
                         00A0-00EF             50
                         0110-016F             60
                         0190-01EF             60
        SFR0             0000-001F             20           1
        SFR1             0080-009F             20           1
        SFR2             0100-010F             10           1
        SFR3             0180-018F             10           1
        STRCODE          0035-049A            466           2
                         0800-1FFF           1800
        STRING           0035-049A            100           2
                         0800-1FFF            100

                                  Symbol Table

?___lwdiv                 cstackCOMMON 0070
?___lwmod                 cstackCOMMON 0078
?_sprintf                 cstackBANK0  0036
Lcd_Cmd@a                 cstackCOMMON 0073
Lcd_Port@a                cstackCOMMON 0070
Lcd_Set_Cursor@a          cstackCOMMON 0076
Lcd_Set_Cursor@b          cstackCOMMON 0074
Lcd_Set_Cursor@temp       cstackCOMMON 0079
Lcd_Set_Cursor@y          cstackCOMMON 0078
Lcd_Set_Cursor@z          cstackCOMMON 0077
Lcd_Write_Char@a          cstackCOMMON 0074
Lcd_Write_Char@temp       cstackCOMMON 0072
Lcd_Write_Char@y          cstackCOMMON 0073
Lcd_Write_String@a        cstackCOMMON 0078
Lcd_Write_String@i        cstackCOMMON 0076
_ANSEL                    (abs)        0188
_ANSELH                   (abs)        0189
_Lcd_Cmd                  text13       04CF
_Lcd_Init                 text12       0643
_Lcd_Port                 text14       052A
_Lcd_Set_Cursor           text11       05FD
_Lcd_Write_Char           text10       054C
_Lcd_Write_String         text9        0509
_OSCCONbits               (abs)        008F
_PORTB                    (abs)        0006
_PORTBbits                (abs)        0006
_PORTCbits                (abs)        0007
_PORTD                    (abs)        0008
_PORTDbits                (abs)        0008
_SSPBUF                   (abs)        0013
_SSPCON                   (abs)        0014
_SSPSTAT                  (abs)        0094
_SSPSTATbits              (abs)        0094
_TRISB                    (abs)        0086
_TRISC1                   (abs)        0439
_TRISC2                   (abs)        043A
_TRISC3                   (abs)        043B
_TRISC5                   (abs)        043D
_TRISD                    (abs)        0088
__Habs1                   abs1         0000
__Hbank0                  bank0        0000
__Hbank1                  bank1        0000
__Hbank2                  bank2        0000
__Hbank3                  bank3        0000
__HbssBANK0               bssBANK0     0000
__Hcinit                  cinit        0800
__Hclrtext                clrtext      0000
__Hcode                   code         0000
__Hcommon                 common       0000
__Hconfig                 config       2009
__HcstackBANK0            cstackBANK0  0000
__HcstackCOMMON           cstackCOMMON 0000
__Heeprom_data            eeprom_data  0000
__Hend_init               end_init     0003
__Hfunctab                functab      0000
__Hidloc                  idloc        2004
__Hinit                   init         0000
__Hintentry               intentry     0000
__Hmaintext               maintext     0000
__Hpowerup                powerup      0000
__Hram                    ram          0000
__Hreset_vec              reset_vec    0000
__Hsfr0                   sfr0         0000
__Hsfr1                   sfr1         0000
__Hsfr2                   sfr2         0000
__Hsfr3                   sfr3         0000
__Hspace_0                (abs)        0800
__Hspace_1                (abs)        007E
__Hspace_2                (abs)        0000
__Hspace_3                (abs)        0000
__Hspace_4                (abs)        4010
__Hstack                  stack        0000
__Hstrings                strings      0000
__Htext                   text         0000
__Labs1                   abs1         0000
__Lbank0                  bank0        0000
__Lbank1                  bank1        0000
__Lbank2                  bank2        0000
__Lbank3                  bank3        0000
__LbssBANK0               bssBANK0     0000
__Lcinit                  cinit        07F3
__Lclrtext                clrtext      0000
__Lcode                   code         0000
__Lcommon                 common       0000
__Lconfig                 config       0000
__LcstackBANK0            cstackBANK0  0000
__LcstackCOMMON           cstackCOMMON 0000
__Leeprom_data            eeprom_data  0000
__Lend_init               end_init     0000
__Lfunctab                functab      0000
__Lidloc                  idloc        0000
__Linit                   init         0000
__Lintentry               intentry     0000
__Lmaintext               maintext     0000
__Lpowerup                powerup      0000
__Lram                    ram          0000
__Lreset_vec              reset_vec    0000
__Lsfr0                   sfr0         0000
__Lsfr1                   sfr1         0000
__Lsfr2                   sfr2         0000
__Lsfr3                   sfr3         0000
__Lspace_0                (abs)        0000
__Lspace_1                (abs)        0000
__Lspace_2                (abs)        0000
__Lspace_3                (abs)        0000
__Lspace_4                (abs)        0000
__Lstack                  stack        0000
__Lstrings                strings      0000
__Ltext                   text         0000
__S0                      (abs)        0800
__S1                      (abs)        007E
__S3                      (abs)        0000
___int_sp                 stack        0000
___latbits                (abs)        0002
___lwdiv                  text3        05B9
___lwdiv@counter          cstackCOMMON 0077
___lwdiv@dividend         cstackCOMMON 0072
___lwdiv@divisor          cstackCOMMON 0070
___lwdiv@quotient         cstackCOMMON 0075
___lwmod                  text2        057F
___lwmod@counter          cstackCOMMON 007D
___lwmod@dividend         cstackCOMMON 007A
___lwmod@divisor          cstackCOMMON 0078
___sp                     stack        0000
___stackhi                (abs)        0000
___stacklo                (abs)        0000
__end_of_Lcd_Cmd          text13       04E9
__end_of_Lcd_Init         text12       06A0
__end_of_Lcd_Port         text14       054C
__end_of_Lcd_Set_Cursor   text11       0643
__end_of_Lcd_Write_Char   text10       057F
__end_of_Lcd_Write_String text9        052A
__end_of___lwdiv          text3        05FD
__end_of___lwmod          text2        05B9
__end_of__initialization  cinit        07FC
__end_of__stringtab       strings      0009
__end_of_dpowers          strings      0013
__end_of_main             maintext     0732
__end_of_setup            text7        0509
__end_of_spiInit          text8        04CF
__end_of_spiRead          text5        04B9
__end_of_spiReceiveWait   text6        04A8
__end_of_spiWrite         text4        04A1
__end_of_sprintf          text1        07F3
__initialization          cinit        07F3
__pbssBANK0               bssBANK0     0020
__pcstackBANK0            cstackBANK0  0036
__pcstackCOMMON           cstackCOMMON 0070
__pmaintext               maintext     06A0
__pstrings                strings      0003
__ptext1                  text1        0732
__ptext10                 text10       054C
__ptext11                 text11       05FD
__ptext12                 text12       0643
__ptext13                 text13       04CF
__ptext14                 text14       052A
__ptext2                  text2        057F
__ptext3                  text3        05B9
__ptext4                  text4        049B
__ptext5                  text5        04B0
__ptext6                  text6        04A1
__ptext7                  text7        04E9
__ptext8                  text8        04B9
__ptext9                  text9        0509
__stringbase              strings      0008
__stringtab               strings      0003
_buffer                   bssBANK0     0022
_dato_1                   bssBANK0     0021
_dato_2                   bssBANK0     0020
_dpowers                  strings      0009
_main                     maintext     06A0
_setup                    text7        04E9
_spiInit                  text8        04B9
_spiRead                  text5        04B0
_spiReceiveWait           text6        04A1
_spiWrite                 text4        049B
_sprintf                  text1        0732
btemp                     (abs)        007E
clear_ram0                clrtext      04A8
end_of_initialization     cinit        07FC
intlevel0                 functab      0000
intlevel1                 functab      0000
intlevel2                 functab      0000
intlevel3                 functab      0000
intlevel4                 functab      0000
intlevel5                 functab      0000
reset_vec                 reset_vec    0000
spiInit@sClockIdle        cstackCOMMON 0071
spiInit@sDataSample       cstackCOMMON 0070
spiInit@sTransmitEdge     cstackCOMMON 0072
spiInit@sType             cstackCOMMON 0073
spiWrite@dat              cstackCOMMON 0070
sprintf@ap                cstackBANK0  003D
sprintf@c                 cstackBANK0  0042
sprintf@f                 cstackBANK0  0036
sprintf@flag              cstackBANK0  003C
sprintf@prec              cstackBANK0  0040
sprintf@sp                cstackBANK0  0041
sprintf@val               cstackBANK0  003E
start                     init         0000
start_initialization      cinit        07F3
wtemp0                    (abs)        007E


MODULE INFORMATION

Module		Function		Class		Link	Load	Size
C:\Program Files\Microchip\xc8\v2.40\pic\sources\c90\common\doprnt.c
		_sprintf       		CODE           	0732	0000	193

C:\Program Files\Microchip\xc8\v2.40\pic\sources\c90\common\doprnt.c estimated size: 193

../SPI-Master.X/main.c
		_main          		CODE           	06A0	0000	146
		_setup         		CODE           	04E9	0000	32

../SPI-Master.X/main.c estimated size: 178

C:\Program Files\Microchip\xc8\v2.40\pic\sources\c90\common\lwmod.c
		___lwmod       		CODE           	057F	0000	58

C:\Program Files\Microchip\xc8\v2.40\pic\sources\c90\common\lwmod.c estimated size: 58

shared
		__stringtab    		STRING         	0003	0000	6
		_dpowers       		STRING         	0009	0000	10
		__initialization		CODE           	07F3	0000	9

shared estimated size: 25

../SPI-Master.X/SPI.c
		_spiWrite      		CODE           	049B	0000	6
		_spiInit       		CODE           	04B9	0000	22
		_spiReceiveWait		CODE           	04A1	0000	7
		_spiRead       		CODE           	04B0	0000	9

../SPI-Master.X/SPI.c estimated size: 44

../SPI-Master.X/LCD.c
		_Lcd_Write_String		CODE           	0509	0000	33
		_Lcd_Init      		CODE           	0643	0000	93
		_Lcd_Write_Char		CODE           	054C	0000	51
		_Lcd_Cmd       		CODE           	04CF	0000	26
		_Lcd_Set_Cursor		CODE           	05FD	0000	70
		_Lcd_Port      		CODE           	052A	0000	34

../SPI-Master.X/LCD.c estimated size: 307

C:\Program Files\Microchip\xc8\v2.40\pic\sources\c90\common\lwdiv.c
		___lwdiv       		CODE           	05B9	0000	68

C:\Program Files\Microchip\xc8\v2.40\pic\sources\c90\common\lwdiv.c estimated size: 68

